// Vitest Snapshot v1

exports[`Card > should render as usual 1`] = `
<div>
  <div
    class="flex flex-col justify-center items-center bg-white bg-opacity-50 rounded-lg shadow-md truncate w-full p-6"
  >
    <img
      alt="The Lord of the Rings: The Fellowship of the Ring"
      class="h-32 w-32 object-cover shadow-lg"
      data-nimg="1"
      decoding="async"
      height="200"
      loading="lazy"
      src="/_next/image?url=%2Fimagepath.jpg&w=640&q=75"
      srcset="/_next/image?url=%2Fimagepath.jpg&w=256&q=75 1x, /_next/image?url=%2Fimagepath.jpg&w=640&q=75 2x"
      style="color: transparent;"
      width="200"
    />
    <div
      class="flex flex-col justify-center items-center"
    >
      <p
        class="text-sm md:text-lg font-medium truncate max-w-xxs xl:max-w-xs text-purple-700 m-4 px-6"
      >
        The Lord of the Rings: The Fellowship of the Ring
      </p>
      <p
        class="text-sm font-medium text-purple-400"
      >
        2001
      </p>
    </div>
  </div>
</div>
`;
